// Jest Snapshot v1, https://goo.gl/fbAQLP

exports[`Testing the goal selector scroll ui Constructs correctly 1`] = `
<div
  onMouseDown={[Function]}
  style={
    Object {
      "display": "flex",
      "flexWrap": "nowrap",
      "overflow": "hidden",
      "padding": "2vw",
    }
  }
>
  <button
    className="MuiButtonBase-root MuiButton-root MuiButton-text"
    disabled={false}
    onBlur={[Function]}
    onClick={[Function]}
    onDragLeave={[Function]}
    onFocus={[Function]}
    onKeyDown={[Function]}
    onKeyUp={[Function]}
    onMouseDown={[Function]}
    onMouseLeave={[Function]}
    onMouseUp={[Function]}
    onTouchEnd={[Function]}
    onTouchMove={[Function]}
    onTouchStart={[Function]}
    tabIndex={0}
    type="button"
  >
    <span
      className="MuiButton-label"
    >
      <h1
        className="MuiTypography-root MuiTypography-h1"
      >
        &lt;
      </h1>
    </span>
    <span
      className="MuiTouchRipple-root"
    />
  </button>
  <div
    className="scrollPane"
    id="scrollPane"
    style={
      Object {
        "display": "flex",
        "flexWrap": "nowrap",
        "overflow": "hidden",
        "padding": "2vw",
        "userselect": "none",
        "width": "70vw",
      }
    }
    tabIndex={0}
  >
    <div
      className="scrollCont"
      id="scrollCont"
      style={
        Object {
          "display": "flex",
          "flexWrap": "nowrap",
        }
      }
    >
      <div
        className="MuiPaper-root MuiCard-root MuiPaper-elevation1 MuiPaper-rounded"
        id="scrollCard0Wraparound"
        onClick={[Function]}
        onContextMenu={[Function]}
        style={
          Object {
            "justifyContent": "center",
            "width": "14vw",
          }
        }
      >
        <div
          className="MuiCardContent-root"
        >
          <h6
            className="MuiTypography-root MuiTypography-h6"
          >
            Missing translationId: createStrWordInv.title for language: \${ languageCode }
          </h6>
        </div>
      </div>
      <div
        className="MuiPaper-root MuiCard-root MuiPaper-elevation1 MuiPaper-rounded"
        id="scrollCard1Wraparound"
        onClick={[Function]}
        onContextMenu={[Function]}
        style={
          Object {
            "backgroundColor": "#bdbdbd",
            "color": "#757575",
            "justifyContent": "center",
            "margin": "0.7000000000000002vw",
            "width": "12.6vw",
          }
        }
      >
        <div
          className="MuiCardContent-root"
        >
          <h6
            className="MuiTypography-root MuiTypography-h6"
          >
            Missing translationId: handleFlags.title for language: \${ languageCode }
          </h6>
        </div>
      </div>
      <div
        className="MuiPaper-root MuiCard-root MuiPaper-elevation1 MuiPaper-rounded"
        id="scrollCard2Wraparound"
        onClick={[Function]}
        onContextMenu={[Function]}
        style={
          Object {
            "backgroundColor": "#bdbdbd",
            "color": "#757575",
            "justifyContent": "center",
            "margin": "0.7000000000000002vw",
            "width": "12.6vw",
          }
        }
      >
        <div
          className="MuiCardContent-root"
        >
          <h6
            className="MuiTypography-root MuiTypography-h6"
          >
            Missing translationId: spellcheckGloss.title for language: \${ languageCode }
          </h6>
        </div>
      </div>
      <div
        className="MuiPaper-root MuiCard-root MuiPaper-elevation7 MuiPaper-rounded"
        color="secondary"
        id="scrollCard0"
        onClick={[Function]}
        onContextMenu={[Function]}
        style={
          Object {
            "width": "14vw",
          }
        }
      >
        <div
          className="MuiCardContent-root"
        >
          <h6
            className="MuiTypography-root MuiTypography-h6"
          >
            Missing translationId: createStrWordInv.title for language: \${ languageCode }
          </h6>
        </div>
      </div>
      <div
        className="MuiPaper-root MuiCard-root MuiPaper-elevation1 MuiPaper-rounded"
        color="default"
        id="scrollCard1"
        onClick={[Function]}
        onContextMenu={[Function]}
        style={
          Object {
            "backgroundColor": "#bdbdbd",
            "color": "#757575",
            "margin": "0.7000000000000002vw",
            "width": "12.6vw",
          }
        }
      >
        <div
          className="MuiCardContent-root"
        >
          <h6
            className="MuiTypography-root MuiTypography-h6"
          >
            Missing translationId: handleFlags.title for language: \${ languageCode }
          </h6>
        </div>
      </div>
      <div
        className="MuiPaper-root MuiCard-root MuiPaper-elevation1 MuiPaper-rounded"
        color="default"
        id="scrollCard2"
        onClick={[Function]}
        onContextMenu={[Function]}
        style={
          Object {
            "backgroundColor": "#bdbdbd",
            "color": "#757575",
            "margin": "0.7000000000000002vw",
            "width": "12.6vw",
          }
        }
      >
        <div
          className="MuiCardContent-root"
        >
          <h6
            className="MuiTypography-root MuiTypography-h6"
          >
            Missing translationId: spellcheckGloss.title for language: \${ languageCode }
          </h6>
        </div>
      </div>
      <div
        className="MuiPaper-root MuiCard-root MuiPaper-elevation1 MuiPaper-rounded"
        id="scrollCard0Wraparound"
        onClick={[Function]}
        onContextMenu={[Function]}
        style={
          Object {
            "justifyContent": "center",
            "width": "14vw",
          }
        }
      >
        <div
          className="MuiCardContent-root"
        >
          <h6
            className="MuiTypography-root MuiTypography-h6"
          >
            Missing translationId: createStrWordInv.title for language: \${ languageCode }
          </h6>
        </div>
      </div>
      <div
        className="MuiPaper-root MuiCard-root MuiPaper-elevation1 MuiPaper-rounded"
        id="scrollCard1Wraparound"
        onClick={[Function]}
        onContextMenu={[Function]}
        style={
          Object {
            "backgroundColor": "#bdbdbd",
            "color": "#757575",
            "justifyContent": "center",
            "margin": "0.7000000000000002vw",
            "width": "12.6vw",
          }
        }
      >
        <div
          className="MuiCardContent-root"
        >
          <h6
            className="MuiTypography-root MuiTypography-h6"
          >
            Missing translationId: handleFlags.title for language: \${ languageCode }
          </h6>
        </div>
      </div>
      <div
        className="MuiPaper-root MuiCard-root MuiPaper-elevation1 MuiPaper-rounded"
        id="scrollCard2Wraparound"
        onClick={[Function]}
        onContextMenu={[Function]}
        style={
          Object {
            "backgroundColor": "#bdbdbd",
            "color": "#757575",
            "justifyContent": "center",
            "margin": "0.7000000000000002vw",
            "width": "12.6vw",
          }
        }
      >
        <div
          className="MuiCardContent-root"
        >
          <h6
            className="MuiTypography-root MuiTypography-h6"
          >
            Missing translationId: spellcheckGloss.title for language: \${ languageCode }
          </h6>
        </div>
      </div>
    </div>
  </div>
  <button
    className="MuiButtonBase-root MuiButton-root MuiButton-text"
    disabled={false}
    onBlur={[Function]}
    onClick={[Function]}
    onDragLeave={[Function]}
    onFocus={[Function]}
    onKeyDown={[Function]}
    onKeyUp={[Function]}
    onMouseDown={[Function]}
    onMouseLeave={[Function]}
    onMouseUp={[Function]}
    onTouchEnd={[Function]}
    onTouchMove={[Function]}
    onTouchStart={[Function]}
    tabIndex={0}
    type="button"
  >
    <span
      className="MuiButton-label"
    >
      <h1
        className="MuiTypography-root MuiTypography-h1"
      >
        &gt;
      </h1>
    </span>
    <span
      className="MuiTouchRipple-root"
    />
  </button>
</div>
`;
