// Jest Snapshot v1, https://goo.gl/fbAQLP

exports[`Testing the goal selector scroll ui Constructs correctly 1`] = `
<div
  onMouseDown={[Function]}
  style={
    Object {
      "display": "flex",
      "flexWrap": "nowrap",
      "overflow": "hidden",
    }
  }
>
  <button
    className="MuiButtonBase-root MuiButton-root MuiButton-text"
    disabled={false}
    onBlur={[Function]}
    onClick={[Function]}
    onFocus={[Function]}
    onKeyDown={[Function]}
    onKeyUp={[Function]}
    onMouseDown={[Function]}
    onMouseLeave={[Function]}
    onMouseUp={[Function]}
    onTouchEnd={[Function]}
    onTouchMove={[Function]}
    onTouchStart={[Function]}
    tabIndex={0}
    type="button"
  >
    <span
      className="MuiButton-label"
    >
      &lt;
    </span>
  </button>
  <div
    className="scrollPane"
    id="scrollPane"
    style={
      Object {
        "display": "flex",
        "flexWrap": "nowrap",
        "overflow": "hidden",
        "padding": 10,
        "userselect": "none",
        "width": 1000,
      }
    }
    tabIndex={0}
  >
    <div
      className="scrollCont"
      id="scrollCont"
      style={
        Object {
          "display": "flex",
          "flexWrap": "nowrap",
        }
      }
    >
      <div
        className="MuiPaper-root MuiPaper-elevation1 MuiCard-root scrollCard0Wraparound MuiPaper-rounded"
        onClick={[Function]}
        onContextMenu={[Function]}
        style={
          Object {
            "backgroundColor": "white",
            "width": 200,
          }
        }
      >
        <div
          className="MuiCardContent-root"
        >
          Missing translationId: goal.name.handleDuplicates for language: \${ languageCode }
        </div>
      </div>
      <div
        className="MuiPaper-root MuiPaper-elevation1 MuiCard-root scrollCard1Wraparound MuiPaper-rounded"
        onClick={[Function]}
        onContextMenu={[Function]}
        style={
          Object {
            "backgroundColor": "lightGray",
            "color": "gray",
            "margin": 10,
            "width": 180,
          }
        }
      >
        <div
          className="MuiCardContent-root"
        >
          Missing translationId: goal.name.handleFlags for language: \${ languageCode }
        </div>
      </div>
      <div
        className="MuiPaper-root MuiPaper-elevation1 MuiCard-root scrollCard2Wraparound MuiPaper-rounded"
        onClick={[Function]}
        onContextMenu={[Function]}
        style={
          Object {
            "backgroundColor": "lightGray",
            "color": "gray",
            "margin": 10,
            "width": 180,
          }
        }
      >
        <div
          className="MuiCardContent-root"
        >
          Missing translationId: goal.name.grammarCheck for language: \${ languageCode }
        </div>
      </div>
      <div
        className="MuiPaper-root MuiPaper-elevation7 MuiCard-root scrollCard0 MuiPaper-rounded"
        onClick={[Function]}
        onContextMenu={[Function]}
        style={
          Object {
            "backgroundColor": "white",
            "width": 200,
          }
        }
      >
        <div
          className="MuiCardContent-root"
        >
          Missing translationId: goal.name.handleDuplicates for language: \${ languageCode }
        </div>
      </div>
      <div
        className="MuiPaper-root MuiPaper-elevation1 MuiCard-root scrollCard1 MuiPaper-rounded"
        onClick={[Function]}
        onContextMenu={[Function]}
        style={
          Object {
            "backgroundColor": "lightGray",
            "color": "gray",
            "margin": 10,
            "width": 180,
          }
        }
      >
        <div
          className="MuiCardContent-root"
        >
          Missing translationId: goal.name.handleFlags for language: \${ languageCode }
        </div>
      </div>
      <div
        className="MuiPaper-root MuiPaper-elevation1 MuiCard-root scrollCard2 MuiPaper-rounded"
        onClick={[Function]}
        onContextMenu={[Function]}
        style={
          Object {
            "backgroundColor": "lightGray",
            "color": "gray",
            "margin": 10,
            "width": 180,
          }
        }
      >
        <div
          className="MuiCardContent-root"
        >
          Missing translationId: goal.name.grammarCheck for language: \${ languageCode }
        </div>
      </div>
      <div
        className="MuiPaper-root MuiPaper-elevation1 MuiCard-root scrollCard0Wraparound MuiPaper-rounded"
        onClick={[Function]}
        onContextMenu={[Function]}
        style={
          Object {
            "backgroundColor": "white",
            "width": 200,
          }
        }
      >
        <div
          className="MuiCardContent-root"
        >
          Missing translationId: goal.name.handleDuplicates for language: \${ languageCode }
        </div>
      </div>
      <div
        className="MuiPaper-root MuiPaper-elevation1 MuiCard-root scrollCard1Wraparound MuiPaper-rounded"
        onClick={[Function]}
        onContextMenu={[Function]}
        style={
          Object {
            "backgroundColor": "lightGray",
            "color": "gray",
            "margin": 10,
            "width": 180,
          }
        }
      >
        <div
          className="MuiCardContent-root"
        >
          Missing translationId: goal.name.handleFlags for language: \${ languageCode }
        </div>
      </div>
      <div
        className="MuiPaper-root MuiPaper-elevation1 MuiCard-root scrollCard2Wraparound MuiPaper-rounded"
        onClick={[Function]}
        onContextMenu={[Function]}
        style={
          Object {
            "backgroundColor": "lightGray",
            "color": "gray",
            "margin": 10,
            "width": 180,
          }
        }
      >
        <div
          className="MuiCardContent-root"
        >
          Missing translationId: goal.name.grammarCheck for language: \${ languageCode }
        </div>
      </div>
    </div>
  </div>
  <button
    className="MuiButtonBase-root MuiButton-root MuiButton-text"
    disabled={false}
    onBlur={[Function]}
    onClick={[Function]}
    onFocus={[Function]}
    onKeyDown={[Function]}
    onKeyUp={[Function]}
    onMouseDown={[Function]}
    onMouseLeave={[Function]}
    onMouseUp={[Function]}
    onTouchEnd={[Function]}
    onTouchMove={[Function]}
    onTouchStart={[Function]}
    tabIndex={0}
    type="button"
  >
    <span
      className="MuiButton-label"
    >
      &gt;
    </span>
  </button>
</div>
`;
