// Jest Snapshot v1, https://goo.gl/fbAQLP

exports[`Pronunciations displays buttons to match snapshot 1`] = `
Array [
  <div
    className="Toastify"
  />,
  <button
    aria-label="record"
    aria-labelledby={null}
    className="MuiButtonBase-root MuiIconButton-root MuiIconButton-sizeLarge makeStyles-button-8 css-mf1cb5-MuiButtonBase-root-MuiIconButton-root"
    data-mui-internal-clone-element={true}
    disabled={false}
    id="recording-button"
    onBlur={[Function]}
    onContextMenu={[Function]}
    onDragLeave={[Function]}
    onFocus={[Function]}
    onKeyDown={[Function]}
    onKeyUp={[Function]}
    onMouseDown={[Function]}
    onMouseLeave={[Function]}
    onMouseOver={[Function]}
    onMouseUp={[Function]}
    onTouchEnd={[Function]}
    onTouchMove={[Function]}
    onTouchStart={[Function]}
    tabIndex={-1}
    type="button"
  >
    <svg
      aria-hidden={true}
      className="MuiSvgIcon-root MuiSvgIcon-fontSizeMedium makeStyles-iconRelease-10 css-i4bv87-MuiSvgIcon-root"
      data-testid="FiberManualRecordIcon"
      focusable="false"
      id="recording-icon"
      viewBox="0 0 24 24"
    >
      <circle
        cx="12"
        cy="12"
        r="8"
      />
    </svg>
    <span
      className="MuiTouchRipple-root css-8je8zh-MuiTouchRipple-root"
    />
  </button>,
  <button
    aria-label="play"
    aria-labelledby={null}
    className="MuiButtonBase-root MuiIconButton-root MuiIconButton-sizeLarge makeStyles-button-11 css-mf1cb5-MuiButtonBase-root-MuiIconButton-root"
    data-mui-internal-clone-element={true}
    disabled={false}
    id="audio-a.wav"
    onBlur={[Function]}
    onClick={[Function]}
    onContextMenu={[Function]}
    onDragLeave={[Function]}
    onFocus={[Function]}
    onKeyDown={[Function]}
    onKeyUp={[Function]}
    onMouseDown={[Function]}
    onMouseLeave={[Function]}
    onMouseOver={[Function]}
    onMouseUp={[Function]}
    onTouchEnd={[Function]}
    onTouchMove={[Function]}
    onTouchStart={[Function]}
    tabIndex={-1}
    type="button"
  >
    <svg
      aria-hidden={true}
      className="MuiSvgIcon-root MuiSvgIcon-fontSizeMedium makeStyles-icon-12 css-i4bv87-MuiSvgIcon-root"
      data-testid="PlayArrowIcon"
      focusable="false"
      viewBox="0 0 24 24"
    >
      <path
        d="M8 5v14l11-7z"
      />
    </svg>
    <span
      className="MuiTouchRipple-root css-8je8zh-MuiTouchRipple-root"
    />
  </button>,
  <button
    aria-label="play"
    aria-labelledby={null}
    className="MuiButtonBase-root MuiIconButton-root MuiIconButton-sizeLarge makeStyles-button-11 css-mf1cb5-MuiButtonBase-root-MuiIconButton-root"
    data-mui-internal-clone-element={true}
    disabled={false}
    id="audio-b.wav"
    onBlur={[Function]}
    onClick={[Function]}
    onContextMenu={[Function]}
    onDragLeave={[Function]}
    onFocus={[Function]}
    onKeyDown={[Function]}
    onKeyUp={[Function]}
    onMouseDown={[Function]}
    onMouseLeave={[Function]}
    onMouseOver={[Function]}
    onMouseUp={[Function]}
    onTouchEnd={[Function]}
    onTouchMove={[Function]}
    onTouchStart={[Function]}
    tabIndex={-1}
    type="button"
  >
    <svg
      aria-hidden={true}
      className="MuiSvgIcon-root MuiSvgIcon-fontSizeMedium makeStyles-icon-12 css-i4bv87-MuiSvgIcon-root"
      data-testid="PlayArrowIcon"
      focusable="false"
      viewBox="0 0 24 24"
    >
      <path
        d="M8 5v14l11-7z"
      />
    </svg>
    <span
      className="MuiTouchRipple-root css-8je8zh-MuiTouchRipple-root"
    />
  </button>,
]
`;
