// Jest Snapshot v1, https://goo.gl/fbAQLP

exports[`Pronunciations displays buttons 1`] = `
Array [
  <div
    className="Toastify"
  />,
  <button
    aria-describedby={null}
    aria-label="record"
    className="MuiButtonBase-root MuiIconButton-root makeStyles-button-1"
    disabled={false}
    id="recordingButton"
    onBlur={[Function]}
    onDragLeave={[Function]}
    onFocus={[Function]}
    onKeyDown={[Function]}
    onKeyUp={[Function]}
    onMouseDown={[Function]}
    onMouseLeave={[Function]}
    onMouseOver={[Function]}
    onMouseUp={[Function]}
    onTouchEnd={[Function]}
    onTouchMove={[Function]}
    onTouchStart={[Function]}
    tabIndex={-1}
    title={null}
    type="button"
  >
    <span
      className="MuiIconButton-label"
    >
      <svg
        aria-hidden={true}
        className="MuiSvgIcon-root makeStyles-iconRelease-3"
        focusable="false"
        id="icon"
        viewBox="0 0 24 24"
      >
        <circle
          cx="12"
          cy="12"
          r="8"
        />
      </svg>
    </span>
    <span
      className="MuiTouchRipple-root"
    />
  </button>,
  <button
    aria-describedby={null}
    aria-label="play"
    className="MuiButtonBase-root MuiIconButton-root makeStyles-button-4"
    disabled={false}
    id="audio-a.wav"
    onBlur={[Function]}
    onClick={[Function]}
    onDragLeave={[Function]}
    onFocus={[Function]}
    onKeyDown={[Function]}
    onKeyUp={[Function]}
    onMouseDown={[Function]}
    onMouseLeave={[Function]}
    onMouseOver={[Function]}
    onMouseUp={[Function]}
    onTouchEnd={[Function]}
    onTouchMove={[Function]}
    onTouchStart={[Function]}
    tabIndex={-1}
    title={null}
    type="button"
  >
    <span
      className="MuiIconButton-label"
    >
      <svg
        aria-hidden={true}
        className="MuiSvgIcon-root makeStyles-icon-5"
        focusable="false"
        viewBox="0 0 24 24"
      >
        <path
          d="M8 5v14l11-7z"
        />
      </svg>
    </span>
    <span
      className="MuiTouchRipple-root"
    />
  </button>,
  <button
    aria-describedby={null}
    aria-label="play"
    className="MuiButtonBase-root MuiIconButton-root makeStyles-button-4"
    disabled={false}
    id="audio-b.wav"
    onBlur={[Function]}
    onClick={[Function]}
    onDragLeave={[Function]}
    onFocus={[Function]}
    onKeyDown={[Function]}
    onKeyUp={[Function]}
    onMouseDown={[Function]}
    onMouseLeave={[Function]}
    onMouseOver={[Function]}
    onMouseUp={[Function]}
    onTouchEnd={[Function]}
    onTouchMove={[Function]}
    onTouchStart={[Function]}
    tabIndex={-1}
    title={null}
    type="button"
  >
    <span
      className="MuiIconButton-label"
    >
      <svg
        aria-hidden={true}
        className="MuiSvgIcon-root makeStyles-icon-5"
        focusable="false"
        viewBox="0 0 24 24"
      >
        <path
          d="M8 5v14l11-7z"
        />
      </svg>
    </span>
    <span
      className="MuiTouchRipple-root"
    />
  </button>,
]
`;
