// Jest Snapshot v1, https://goo.gl/fbAQLP

exports[`Tests AddWords Constructs correctly 1`] = `
<form
  onSubmit={[Function]}
>
  <input
    style={
      Object {
        "display": "none",
      }
    }
    type="submit"
  />
  <div
    className="MuiGrid-root MuiGrid-container MuiGrid-spacing-xs-3"
  >
    <div
      className="MuiGrid-root MuiGrid-item MuiGrid-grid-xs-5"
    >
      <h5
        className="MuiTypography-root MuiTypography-h5 MuiTypography-alignCenter"
        style={
          Object {
            "marginTop": 32,
          }
        }
      >
        Missing translationId: addWords.vernacular for language: \${ languageCode }
      </h5>
    </div>
    <div
      className="MuiGrid-root MuiGrid-item MuiGrid-grid-xs-5"
    >
      <h5
        className="MuiTypography-root MuiTypography-h5 MuiTypography-alignCenter"
        style={
          Object {
            "marginTop": 32,
          }
        }
      >
        Missing translationId: addWords.glosses for language: \${ languageCode }
      </h5>
    </div>
    <div
      className="MuiGrid-root MuiGrid-item MuiGrid-grid-xs-12"
    >
      <div
        className="MuiGrid-root MuiGrid-container"
      >
        <div
          className="MuiGrid-root MuiGrid-item MuiGrid-grid-xs-5"
          style={
            Object {
              "paddingLeft": 32,
              "paddingRight": 32,
              "position": "relative",
            }
          }
        >
          <div
            className="MuiFormControl-root MuiTextField-root MuiFormControl-fullWidth"
            onKeyDown={[Function]}
          >
            <label
              className="MuiFormLabel-root MuiInputLabel-root MuiInputLabel-formControl MuiInputLabel-animated MuiInputLabel-outlined"
              data-shrink={false}
            >
              Missing translationId: addWords.vernacular for language: \${ languageCode }
            </label>
            <div
              className="MuiInputBase-root MuiOutlinedInput-root MuiInputBase-fullWidth MuiInputBase-formControl"
              onClick={[Function]}
            >
              <fieldset
                aria-hidden={true}
                className="PrivateNotchedOutline-root-187 MuiOutlinedInput-notchedOutline"
                style={
                  Object {
                    "paddingLeft": 8,
                  }
                }
              >
                <legend
                  className="PrivateNotchedOutline-legend-188"
                  style={
                    Object {
                      "width": 0.01,
                    }
                  }
                >
                  <span
                    dangerouslySetInnerHTML={
                      Object {
                        "__html": "&#8203;",
                      }
                    }
                  />
                </legend>
              </fieldset>
              <input
                aria-invalid={false}
                autoFocus={true}
                className="MuiInputBase-input MuiOutlinedInput-input"
                disabled={false}
                onBlur={[Function]}
                onChange={[Function]}
                onFocus={[Function]}
                required={false}
                type="text"
                value=""
              />
            </div>
          </div>
        </div>
        <div
          className="MuiGrid-root MuiGrid-item MuiGrid-grid-xs-5"
          style={
            Object {
              "paddingLeft": 32,
              "paddingRight": 32,
            }
          }
        >
          <div
            className="MuiFormControl-root MuiTextField-root MuiFormControl-fullWidth"
            onKeyDown={[Function]}
          >
            <label
              className="MuiFormLabel-root MuiInputLabel-root MuiInputLabel-formControl MuiInputLabel-animated MuiInputLabel-outlined"
              data-shrink={false}
            >
              Missing translationId: addWords.glosses for language: \${ languageCode }
            </label>
            <div
              className="MuiInputBase-root MuiOutlinedInput-root MuiInputBase-fullWidth MuiInputBase-formControl"
              onClick={[Function]}
              style={
                Object {
                  "color": "black",
                }
              }
            >
              <fieldset
                aria-hidden={true}
                className="PrivateNotchedOutline-root-187 MuiOutlinedInput-notchedOutline"
                style={
                  Object {
                    "paddingLeft": 8,
                  }
                }
              >
                <legend
                  className="PrivateNotchedOutline-legend-188"
                  style={
                    Object {
                      "width": 0.01,
                    }
                  }
                >
                  <span
                    dangerouslySetInnerHTML={
                      Object {
                        "__html": "&#8203;",
                      }
                    }
                  />
                </legend>
              </fieldset>
              <input
                aria-invalid={false}
                className="MuiInputBase-input MuiOutlinedInput-input"
                disabled={false}
                onBlur={[Function]}
                onChange={[Function]}
                onFocus={[Function]}
                required={false}
                type="text"
                value=""
              />
            </div>
          </div>
        </div>
      </div>
    </div>
  </div>
  <div
    className="MuiGrid-root MuiGrid-container MuiGrid-spacing-xs-2 MuiGrid-justify-xs-flex-end"
  >
    <div
      className="MuiGrid-root MuiGrid-item"
    >
      <button
        className="MuiButtonBase-root MuiButton-root MuiButton-contained MuiButton-containedPrimary"
        disabled={false}
        onBlur={[Function]}
        onFocus={[Function]}
        onKeyDown={[Function]}
        onKeyUp={[Function]}
        onMouseDown={[Function]}
        onMouseLeave={[Function]}
        onMouseUp={[Function]}
        onTouchEnd={[Function]}
        onTouchMove={[Function]}
        onTouchStart={[Function]}
        style={
          Object {
            "marginTop": 32,
          }
        }
        tabIndex={0}
        type="submit"
      >
        <span
          className="MuiButton-label"
        >
          Missing translationId: addWords.next for language: \${ languageCode }
        </span>
        <span
          className="MuiTouchRipple-root"
        />
      </button>
    </div>
  </div>
</form>
`;
