// Jest Snapshot v1, https://goo.gl/fbAQLP

exports[`Character Inventory Component Renders properly (snapshot test) 1`] = `
<div>
  <div
    className="MuiGrid-root MuiGrid-container MuiGrid-spacing-xs-2 MuiGrid-justify-xs-center"
  >
    <div
      className="MuiGrid-root MuiGrid-item MuiGrid-grid-xs-12 MuiGrid-grid-md-8 MuiGrid-grid-lg-9 MuiGrid-grid-xl-10"
    >
      <div
        className="MuiGrid-root MuiGrid-container MuiGrid-spacing-xs-2 MuiGrid-align-items-xs-center"
      >
        <div
          className="MuiGrid-root MuiGrid-item MuiGrid-grid-xs-12"
        >
          <h1
            className="MuiTypography-root MuiTypography-h4"
            style={
              Object {
                "marginTop": 8,
              }
            }
          >
            Missing translationId: charInventory.characterSet.title for language: \${ languageCode }
             
            <svg
              aria-describedby={null}
              aria-hidden={true}
              className="MuiSvgIcon-root"
              focusable="false"
              onBlur={[Function]}
              onFocus={[Function]}
              onMouseLeave={[Function]}
              onMouseOver={[Function]}
              onTouchEnd={[Function]}
              onTouchStart={[Function]}
              title={null}
              viewBox="0 0 24 24"
            >
              <path
                d="M12 2C6.48 2 2 6.48 2 12s4.48 10 10 10 10-4.48 10-10S17.52 2 12 2zm1 17h-2v-2h2v2zm2.07-7.75l-.9.92C13.45 12.9 13 13.5 13 15h-2v-.5c0-1.1.45-2.1 1.17-2.83l1.24-1.26c.37-.36.59-.86.59-1.41 0-1.1-.9-2-2-2s-2 .9-2 2H8c0-2.21 1.79-4 4-4s4 1.79 4 4c0 .88-.36 1.68-.93 2.25z"
              />
            </svg>
          </h1>
        </div>
        <div
          className="MuiGrid-root MuiGrid-item MuiGrid-grid-xs-12"
        >
          <div
            className="MuiGrid-root MuiGrid-container MuiGrid-spacing-xs-2"
            style={
              Object {
                "background": "whitesmoke",
                "borderTop": "1px solid #ccc",
                "padding": 8,
              }
            }
          >
            <button
              className="MuiButtonBase-root MuiButton-root MuiButton-text"
              disabled={false}
              onBlur={[Function]}
              onClick={[Function]}
              onDragLeave={[Function]}
              onFocus={[Function]}
              onKeyDown={[Function]}
              onKeyUp={[Function]}
              onMouseDown={[Function]}
              onMouseLeave={[Function]}
              onMouseUp={[Function]}
              onTouchEnd={[Function]}
              onTouchMove={[Function]}
              onTouchStart={[Function]}
              tabIndex={0}
              type="button"
            >
              <span
                className="MuiButton-label"
              >
                Missing translationId: charInventory.characterSet.advanced for language: \${ languageCode }
                 
                <svg
                  aria-hidden={true}
                  className="MuiSvgIcon-root"
                  focusable="false"
                  style={
                    Object {
                      "transform": "rotate(0deg)",
                      "transition": "all 200ms",
                    }
                  }
                  viewBox="0 0 24 24"
                >
                  <path
                    d="M7.41 8.59L12 13.17l4.59-4.58L18 10l-6 6-6-6 1.41-1.41z"
                  />
                </svg>
              </span>
              <span
                className="MuiTouchRipple-root"
              />
            </button>
            <div
              className="MuiCollapse-container MuiCollapse-hidden"
              style={
                Object {
                  "minHeight": "0px",
                  "width": "100%",
                }
              }
            >
              <div
                className="MuiCollapse-wrapper"
              >
                <div
                  className="MuiCollapse-wrapperInner"
                >
                  <div
                    className="MuiGrid-root MuiGrid-item MuiGrid-grid-xs-12"
                  >
                    <div
                      className="MuiFormControl-root MuiTextField-root MuiFormControl-fullWidth"
                      style={
                        Object {
                          "marginTop": 8,
                          "maxWidth": 512,
                        }
                      }
                    >
                      <label
                        className="MuiFormLabel-root MuiInputLabel-root MuiInputLabel-formControl MuiInputLabel-animated MuiInputLabel-outlined"
                        data-shrink={false}
                        htmlFor="valid-characters-input"
                        id="valid-characters-input-label"
                      >
                        Missing translationId: charInventory.characterSet.acceptedCharacters for language: \${ languageCode }
                      </label>
                      <div
                        className="MuiInputBase-root MuiOutlinedInput-root MuiInputBase-fullWidth MuiInputBase-formControl"
                        onClick={[Function]}
                      >
                        <input
                          aria-invalid={false}
                          autoComplete="off"
                          autoFocus={false}
                          className="MuiInputBase-input MuiOutlinedInput-input"
                          disabled={false}
                          id="valid-characters-input"
                          name="characters"
                          onAnimationStart={[Function]}
                          onBlur={[Function]}
                          onChange={[Function]}
                          onFocus={[Function]}
                          required={false}
                          spellCheck={false}
                          style={
                            Object {
                              "letterSpacing": 5,
                            }
                          }
                          type="text"
                          value=""
                        />
                        <fieldset
                          aria-hidden={true}
                          className="PrivateNotchedOutline-root-1 MuiOutlinedInput-notchedOutline"
                        >
                          <legend
                            className="PrivateNotchedOutline-legendLabelled-3"
                          >
                            <span>
                              Missing translationId: charInventory.characterSet.acceptedCharacters for language: \${ languageCode }
                            </span>
                          </legend>
                        </fieldset>
                      </div>
                    </div>
                  </div>
                  <div
                    className="MuiGrid-root MuiGrid-item MuiGrid-grid-xs-12"
                  >
                    <div
                      className="MuiFormControl-root MuiTextField-root MuiFormControl-fullWidth"
                      style={
                        Object {
                          "marginTop": 8,
                          "maxWidth": 512,
                        }
                      }
                    >
                      <label
                        className="MuiFormLabel-root MuiInputLabel-root MuiInputLabel-formControl MuiInputLabel-animated MuiInputLabel-outlined"
                        data-shrink={false}
                        htmlFor="rejected-characters-input"
                        id="rejected-characters-input-label"
                      >
                        Missing translationId: charInventory.characterSet.rejectedCharacters for language: \${ languageCode }
                      </label>
                      <div
                        className="MuiInputBase-root MuiOutlinedInput-root MuiInputBase-fullWidth MuiInputBase-formControl"
                        onClick={[Function]}
                      >
                        <input
                          aria-invalid={false}
                          autoComplete="off"
                          autoFocus={false}
                          className="MuiInputBase-input MuiOutlinedInput-input"
                          disabled={false}
                          id="rejected-characters-input"
                          name="characters"
                          onAnimationStart={[Function]}
                          onBlur={[Function]}
                          onChange={[Function]}
                          onFocus={[Function]}
                          required={false}
                          spellCheck={false}
                          style={
                            Object {
                              "letterSpacing": 5,
                            }
                          }
                          type="text"
                          value=""
                        />
                        <fieldset
                          aria-hidden={true}
                          className="PrivateNotchedOutline-root-1 MuiOutlinedInput-notchedOutline"
                        >
                          <legend
                            className="PrivateNotchedOutline-legendLabelled-3"
                          >
                            <span>
                              Missing translationId: charInventory.characterSet.rejectedCharacters for language: \${ languageCode }
                            </span>
                          </legend>
                        </fieldset>
                      </div>
                    </div>
                  </div>
                </div>
              </div>
            </div>
          </div>
        </div>
        <div
          className="MuiGrid-root MuiGrid-item MuiGrid-grid-xs-12"
        >
          <div
            className="MuiFormControl-root"
          >
            <label
              className="MuiFormLabel-root MuiInputLabel-root MuiInputLabel-formControl MuiInputLabel-animated MuiInputLabel-shrink MuiFormLabel-filled"
              data-shrink={true}
              htmlFor="sort-order"
            >
              Missing translationId: charInventory.sortBy for language: \${ languageCode }
            </label>
            <div
              className="MuiInputBase-root MuiInput-root MuiInput-underline MuiInputBase-formControl MuiInput-formControl"
              onClick={[Function]}
            >
              <div
                aria-haspopup="listbox"
                className="MuiSelect-root MuiSelect-select MuiSelect-selectMenu MuiInputBase-input MuiInput-input"
                onBlur={[Function]}
                onFocus={[Function]}
                onKeyDown={[Function]}
                onMouseDown={[Function]}
                role="button"
                tabIndex={0}
              >
                Missing translationId: charInventory.characters for language: \${ languageCode }
                <svg
                  aria-hidden={true}
                  className="MuiSvgIcon-root MuiSvgIcon-fontSizeSmall"
                  focusable="false"
                  viewBox="0 0 24 24"
                >
                  <path
                    d="M4 12l1.41 1.41L11 7.83V20h2V7.83l5.58 5.59L20 12l-8-8-8 8z"
                  />
                </svg>
              </div>
              <input
                aria-hidden={true}
                className="MuiSelect-nativeInput"
                id="sort-order"
                onAnimationStart={[Function]}
                onChange={[Function]}
                required={false}
                tabIndex={-1}
                value={0}
              />
              <svg
                aria-hidden={true}
                className="MuiSvgIcon-root MuiSelect-icon"
                focusable="false"
                viewBox="0 0 24 24"
              >
                <path
                  d="M7 10l5 5 5-5z"
                />
              </svg>
            </div>
          </div>
        </div>
      </div>
    </div>
    <div
      className="MuiGrid-root MuiGrid-item MuiGrid-grid-xs-12 MuiGrid-grid-md-4 MuiGrid-grid-lg-3 MuiGrid-grid-xl-2"
    />
    <div
      className="MuiGrid-root MuiGrid-item MuiGrid-grid-xs-12"
      style={
        Object {
          "borderTop": "1px solid #ccc",
        }
      }
    >
      <div
        className="MuiGrid-root MuiGrid-container MuiGrid-justify-xs-center"
      >
        <button
          className="MuiButtonBase-root MuiButton-root MuiButton-contained MuiButton-containedPrimary"
          disabled={false}
          id="pushGoals"
          onBlur={[Function]}
          onClick={[Function]}
          onDragLeave={[Function]}
          onFocus={[Function]}
          onKeyDown={[Function]}
          onKeyUp={[Function]}
          onMouseDown={[Function]}
          onMouseLeave={[Function]}
          onMouseUp={[Function]}
          onTouchEnd={[Function]}
          onTouchMove={[Function]}
          onTouchStart={[Function]}
          style={
            Object {
              "margin": 8,
            }
          }
          tabIndex={0}
          type="button"
        >
          <span
            className="MuiButton-label"
          >
            Missing translationId: buttons.save for language: \${ languageCode }
          </span>
          <span
            className="MuiTouchRipple-root"
          />
        </button>
        <button
          className="MuiButtonBase-root MuiButton-root MuiButton-contained"
          disabled={false}
          id="cancelInventoryCreation"
          onBlur={[Function]}
          onClick={[Function]}
          onDragLeave={[Function]}
          onFocus={[Function]}
          onKeyDown={[Function]}
          onKeyUp={[Function]}
          onMouseDown={[Function]}
          onMouseLeave={[Function]}
          onMouseUp={[Function]}
          onTouchEnd={[Function]}
          onTouchMove={[Function]}
          onTouchStart={[Function]}
          style={
            Object {
              "margin": 8,
            }
          }
          tabIndex={0}
          type="button"
        >
          <span
            className="MuiButton-label"
          >
             
            Missing translationId: buttons.cancel for language: \${ languageCode }
          </span>
          <span
            className="MuiTouchRipple-root"
          />
        </button>
      </div>
    </div>
  </div>
  <div
    aria-describedby="alert-dialog-description"
    aria-labelledby="alert-dialog-title"
    className="MuiContainer-root MuiContainer-maxWidthLg"
    onClose={[Function]}
    open={false}
  >
    <div
      className="MuiDialogTitle-root"
      id="alert-dialog-title"
    >
      <h2
        className="MuiTypography-root MuiTypography-h6"
      >
        Missing translationId: charInventory.dialog.title for language: \${ languageCode }
      </h2>
    </div>
    <div
      className="MuiDialogContent-root"
    >
      <p
        className="MuiTypography-root MuiDialogContentText-root MuiTypography-body1 MuiTypography-colorTextSecondary"
        id="alert-dialog-description"
      >
        Missing translationId: charInventory.dialog.content for language: \${ languageCode }
      </p>
    </div>
    <div
      className="MuiDialogActions-root MuiDialogActions-spacing"
    >
      <button
        autoFocus={true}
        className="MuiButtonBase-root MuiButton-root MuiButton-contained MuiButton-containedSecondary"
        disabled={false}
        onBlur={[Function]}
        onClick={[Function]}
        onDragLeave={[Function]}
        onFocus={[Function]}
        onKeyDown={[Function]}
        onKeyUp={[Function]}
        onMouseDown={[Function]}
        onMouseLeave={[Function]}
        onMouseUp={[Function]}
        onTouchEnd={[Function]}
        onTouchMove={[Function]}
        onTouchStart={[Function]}
        tabIndex={0}
        type="button"
      >
        <span
          className="MuiButton-label"
        >
          Missing translationId: charInventory.dialog.yes for language: \${ languageCode }
        </span>
        <span
          className="MuiTouchRipple-root"
        />
      </button>
      <button
        className="MuiButtonBase-root MuiButton-root MuiButton-text MuiButton-textPrimary"
        disabled={false}
        onBlur={[Function]}
        onClick={[Function]}
        onDragLeave={[Function]}
        onFocus={[Function]}
        onKeyDown={[Function]}
        onKeyUp={[Function]}
        onMouseDown={[Function]}
        onMouseLeave={[Function]}
        onMouseUp={[Function]}
        onTouchEnd={[Function]}
        onTouchMove={[Function]}
        onTouchStart={[Function]}
        tabIndex={0}
        type="button"
      >
        <span
          className="MuiButton-label"
        >
          Missing translationId: charInventory.dialog.no for language: \${ languageCode }
        </span>
        <span
          className="MuiTouchRipple-root"
        />
      </button>
    </div>
  </div>
</div>
`;
