// Jest Snapshot v1, https://goo.gl/fbAQLP

exports[`Testing Character Inventory Component Renders properly (snapshot test) 1`] = `
<div>
  <div
    className="MuiGrid-root MuiGrid-container MuiGrid-spacing-xs-2 MuiGrid-justify-xs-center"
    style={
      Object {
        "background": "#fff",
      }
    }
  >
    <div
      className="MuiGrid-root MuiGrid-item MuiGrid-grid-xs-12 MuiGrid-grid-sm-9"
      style={
        Object {
          "borderRight": "1px solid #ccc",
        }
      }
    >
      <div
        className="MuiGrid-root MuiGrid-container MuiGrid-spacing-xs-2 MuiGrid-align-items-xs-center"
      >
        <div
          className="MuiGrid-root MuiGrid-item MuiGrid-grid-xs-12"
        >
          <h1
            className="MuiTypography-root MuiTypography-h4"
          >
            Missing translationId: charInventory.characterSet.title for language: \${ languageCode }
             
            <svg
              aria-describedby={null}
              aria-hidden="true"
              className="MuiSvgIcon-root"
              focusable="false"
              onBlur={[Function]}
              onFocus={[Function]}
              onMouseLeave={[Function]}
              onMouseOver={[Function]}
              onTouchEnd={[Function]}
              onTouchStart={[Function]}
              role="presentation"
              title="Missing translationId: charInventory.characterSet.help for language: \${ languageCode }"
              viewBox="0 0 24 24"
            >
              <path
                d="M0 0h24v24H0z"
                fill="none"
              />
              <path
                d="M12 2C6.48 2 2 6.48 2 12s4.48 10 10 10 10-4.48 10-10S17.52 2 12 2zm1 17h-2v-2h2v2zm2.07-7.75l-.9.92C13.45 12.9 13 13.5 13 15h-2v-.5c0-1.1.45-2.1 1.17-2.83l1.24-1.26c.37-.36.59-.86.59-1.41 0-1.1-.9-2-2-2s-2 .9-2 2H8c0-2.21 1.79-4 4-4s4 1.79 4 4c0 .88-.36 1.68-.93 2.25z"
              />
            </svg>
          </h1>
        </div>
        <div
          className="MuiGrid-root MuiGrid-item MuiGrid-grid-xs-2 MuiGrid-grid-sm-1"
          onDragOver={[Function]}
          style={
            Object {
              "paddingBottom": 0,
            }
          }
        >
          <div
            className="MuiGrid-root MuiGrid-container MuiGrid-justify-xs-center"
          >
            <div
              draggable={true}
              id="charTile_a"
              onClick={[Function]}
              onDragEnd={[Function]}
              onDragStart={[Function]}
              onMouseEnter={[Function]}
              onMouseLeave={[Function]}
              style={
                Object {
                  "alignItems": "center",
                  "border": "4px solid #c8e6c9",
                  "borderRadius": "50%",
                  "cursor": "pointer",
                  "display": "flex",
                  "height": 40,
                  "justifyContent": "center",
                  "position": "relative",
                  "width": 40,
                }
              }
            >
              <h6
                className="MuiTypography-root MuiTypography-h6"
              >
                a
              </h6>
            </div>
            <h6
              className="MuiTypography-root MuiTypography-subtitle2"
              style={
                Object {
                  "opacity": 0,
                }
              }
            >
              Missing translationId: charInventory.characterSet.accepted for language: \${ languageCode }
            </h6>
          </div>
        </div>
        <div
          className="MuiGrid-root MuiGrid-item MuiGrid-grid-xs-12"
        >
          <div
            className="MuiGrid-root MuiGrid-container MuiGrid-spacing-xs-2"
            style={
              Object {
                "background": "whitesmoke",
                "borderTop": "1px solid #ccc",
                "padding": 16,
              }
            }
          >
            <div
              className="MuiGrid-root MuiGrid-item MuiGrid-grid-xs-12"
            >
              <div
                className="MuiFormControl-root MuiTextField-root MuiFormControl-fullWidth"
                style={
                  Object {
                    "maxWidth": 512,
                  }
                }
              >
                <label
                  className="MuiFormLabel-root MuiInputLabel-root MuiInputLabel-formControl MuiInputLabel-animated MuiInputLabel-shrink MuiInputLabel-outlined MuiFormLabel-filled"
                  data-shrink={true}
                  htmlFor="valid-characters-input"
                >
                  Missing translationId: charInventory.characterSet.acceptedCharacters for language: \${ languageCode }
                </label>
                <div
                  className="MuiInputBase-root MuiOutlinedInput-root MuiInputBase-fullWidth MuiInputBase-formControl"
                  onClick={[Function]}
                >
                  <fieldset
                    aria-hidden={true}
                    className="PrivateNotchedOutline-root-204 MuiOutlinedInput-notchedOutline"
                    style={
                      Object {
                        "paddingLeft": 8,
                      }
                    }
                  >
                    <legend
                      className="PrivateNotchedOutline-legend-205"
                      style={
                        Object {
                          "width": 0,
                        }
                      }
                    >
                      <span
                        dangerouslySetInnerHTML={
                          Object {
                            "__html": "&#8203;",
                          }
                        }
                      />
                    </legend>
                  </fieldset>
                  <input
                    aria-invalid={false}
                    autoComplete="off"
                    className="MuiInputBase-input MuiOutlinedInput-input"
                    disabled={false}
                    id="valid-characters-input"
                    name="chracters"
                    onBlur={[Function]}
                    onChange={[Function]}
                    onFocus={[Function]}
                    required={false}
                    spellcheck="false"
                    style={
                      Object {
                        "letterSpacing": 5,
                      }
                    }
                    type="text"
                    value="a"
                  />
                </div>
              </div>
            </div>
            <div
              className="MuiGrid-root MuiGrid-item MuiGrid-grid-xs-12"
              style={
                Object {
                  "background": "whitesmoke",
                }
              }
            >
              <div
                className="MuiFormControl-root MuiTextField-root MuiFormControl-fullWidth"
                style={
                  Object {
                    "maxWidth": 512,
                  }
                }
              >
                <label
                  className="MuiFormLabel-root MuiInputLabel-root MuiInputLabel-formControl MuiInputLabel-animated MuiInputLabel-outlined"
                  data-shrink={false}
                  htmlFor="rejected-characters-input"
                >
                  Missing translationId: charInventory.characterSet.rejectedCharacters for language: \${ languageCode }
                </label>
                <div
                  className="MuiInputBase-root MuiOutlinedInput-root MuiInputBase-fullWidth MuiInputBase-formControl"
                  onClick={[Function]}
                >
                  <fieldset
                    aria-hidden={true}
                    className="PrivateNotchedOutline-root-204 MuiOutlinedInput-notchedOutline"
                    style={
                      Object {
                        "paddingLeft": 8,
                      }
                    }
                  >
                    <legend
                      className="PrivateNotchedOutline-legend-205"
                      style={
                        Object {
                          "width": 0.01,
                        }
                      }
                    >
                      <span
                        dangerouslySetInnerHTML={
                          Object {
                            "__html": "&#8203;",
                          }
                        }
                      />
                    </legend>
                  </fieldset>
                  <input
                    aria-invalid={false}
                    autoComplete="off"
                    className="MuiInputBase-input MuiOutlinedInput-input"
                    disabled={false}
                    id="rejected-characters-input"
                    name="chracters"
                    onBlur={[Function]}
                    onChange={[Function]}
                    onFocus={[Function]}
                    required={false}
                    spellcheck="false"
                    style={
                      Object {
                        "letterSpacing": 5,
                      }
                    }
                    type="text"
                    value=""
                  />
                </div>
              </div>
            </div>
          </div>
        </div>
      </div>
    </div>
    <div
      className="MuiGrid-root MuiGrid-item MuiGrid-grid-xs-12 MuiGrid-grid-sm-3"
    >
      <div
        className="MuiGrid-root MuiGrid-container MuiGrid-spacing-xs-2 MuiGrid-align-items-xs-center"
      >
        <div
          className="MuiGrid-root MuiGrid-item MuiGrid-grid-xs-12"
        >
          <h1
            className="MuiTypography-root MuiTypography-h5"
          >
            Missing translationId: charInventory.sampleWords.title for language: \${ languageCode }
          </h1>
          <h6
            className="MuiTypography-root MuiTypography-subtitle1"
          >
            Missing translationId: charInventory.sampleWords.description for language: \${ languageCode }
          </h6>
        </div>
        <div
          className="MuiGrid-root MuiGrid-item MuiGrid-grid-xs-12"
        />
      </div>
    </div>
    <div
      className="MuiGrid-root MuiGrid-item MuiGrid-grid-xs-12"
      style={
        Object {
          "borderTop": "1px solid #ccc",
        }
      }
    >
      <div
        className="MuiGrid-root MuiGrid-container MuiGrid-justify-xs-center"
      >
        <button
          className="MuiButtonBase-root MuiButton-root MuiButton-contained MuiButton-containedPrimary"
          disabled={false}
          id="pushGoals"
          onBlur={[Function]}
          onClick={[Function]}
          onFocus={[Function]}
          onKeyDown={[Function]}
          onKeyUp={[Function]}
          onMouseDown={[Function]}
          onMouseLeave={[Function]}
          onMouseUp={[Function]}
          onTouchEnd={[Function]}
          onTouchMove={[Function]}
          onTouchStart={[Function]}
          style={
            Object {
              "margin": 10,
            }
          }
          tabIndex={0}
          type="button"
        >
          <span
            className="MuiButton-label"
          >
            <svg
              aria-hidden="true"
              className="MuiSvgIcon-root"
              focusable="false"
              role="presentation"
              viewBox="0 0 24 24"
            >
              <path
                d="M0 0h24v24H0z"
                fill="none"
              />
              <path
                d="M17 3H5c-1.11 0-2 .9-2 2v14c0 1.1.89 2 2 2h14c1.1 0 2-.9 2-2V7l-4-4zm-5 16c-1.66 0-3-1.34-3-3s1.34-3 3-3 3 1.34 3 3-1.34 3-3 3zm3-10H5V5h10v4z"
              />
            </svg>
             
            Missing translationId: charInventory.save for language: \${ languageCode }
          </span>
          <span
            className="MuiTouchRipple-root"
          />
        </button>
        <button
          className="MuiButtonBase-root MuiButton-root MuiButton-contained"
          disabled={false}
          id="cancelInventoryCreation"
          onBlur={[Function]}
          onClick={[Function]}
          onFocus={[Function]}
          onKeyDown={[Function]}
          onKeyUp={[Function]}
          onMouseDown={[Function]}
          onMouseLeave={[Function]}
          onMouseUp={[Function]}
          onTouchEnd={[Function]}
          onTouchMove={[Function]}
          onTouchStart={[Function]}
          style={
            Object {
              "margin": 10,
            }
          }
          tabIndex={0}
          type="button"
        >
          <span
            className="MuiButton-label"
          >
             
            Missing translationId: charInventory.cancel for language: \${ languageCode }
          </span>
          <span
            className="MuiTouchRipple-root"
          />
        </button>
      </div>
    </div>
  </div>
  <div
    aria-describedby="alert-dialog-description"
    aria-labelledby="alert-dialog-title"
    className="MuiContainer-root MuiContainer-maxWidthLg"
    onClose={[Function]}
    open={false}
  >
    <div
      className="MuiDialogTitle-root"
      id="alert-dialog-title"
    >
      <h6
        className="MuiTypography-root MuiTypography-h6"
      >
        Missing translationId: charInventory.dialog.title for language: \${ languageCode }
      </h6>
    </div>
    <div
      className="MuiDialogContent-root"
    >
      <p
        className="MuiTypography-root MuiDialogContentText-root MuiTypography-body1 MuiTypography-colorTextSecondary"
        id="alert-dialog-description"
      >
        Missing translationId: charInventory.dialog.content for language: \${ languageCode }
      </p>
    </div>
    <div
      className="MuiDialogActions-root MuiDialogActions-spacing"
    >
      <button
        autoFocus={true}
        className="MuiButtonBase-root MuiButton-root MuiButton-contained MuiButton-containedSecondary"
        disabled={false}
        onBlur={[Function]}
        onClick={[Function]}
        onFocus={[Function]}
        onKeyDown={[Function]}
        onKeyUp={[Function]}
        onMouseDown={[Function]}
        onMouseLeave={[Function]}
        onMouseUp={[Function]}
        onTouchEnd={[Function]}
        onTouchMove={[Function]}
        onTouchStart={[Function]}
        tabIndex={0}
        type="button"
      >
        <span
          className="MuiButton-label"
        >
          Missing translationId: charInventory.dialog.yes for language: \${ languageCode }
        </span>
        <span
          className="MuiTouchRipple-root"
        />
      </button>
      <button
        className="MuiButtonBase-root MuiButton-root MuiButton-text MuiButton-textPrimary"
        disabled={false}
        onBlur={[Function]}
        onClick={[Function]}
        onFocus={[Function]}
        onKeyDown={[Function]}
        onKeyUp={[Function]}
        onMouseDown={[Function]}
        onMouseLeave={[Function]}
        onMouseUp={[Function]}
        onTouchEnd={[Function]}
        onTouchMove={[Function]}
        onTouchStart={[Function]}
        tabIndex={0}
        type="button"
      >
        <span
          className="MuiButton-label"
        >
          Missing translationId: charInventory.dialog.no for language: \${ languageCode }
        </span>
        <span
          className="MuiTouchRipple-root"
        />
      </button>
    </div>
  </div>
</div>
`;
