// Jest Snapshot v1, https://goo.gl/fbAQLP

exports[`DomainTileButton renders tile and matches the latest snapshot 1`] = `
<button
  className="MuiButtonBase-root MuiButton-root MuiButton-outlined MuiButton-outlinedPrimary MuiButton-sizeMedium MuiButton-outlinedSizeMedium MuiButton-colorPrimary MuiButton-root MuiButton-outlined MuiButton-outlinedPrimary MuiButton-sizeMedium MuiButton-outlinedSizeMedium MuiButton-colorPrimary css-1blvszr-MuiButtonBase-root-MuiButton-root"
  disabled={null}
  id="1"
  onBlur={[Function]}
  onClick={[Function]}
  onContextMenu={[Function]}
  onDragLeave={[Function]}
  onFocus={[Function]}
  onKeyDown={[Function]}
  onKeyUp={[Function]}
  onMouseDown={[Function]}
  onMouseLeave={[Function]}
  onMouseUp={[Function]}
  onTouchEnd={[Function]}
  onTouchMove={[Function]}
  onTouchStart={[Function]}
  style={
    Object {
      "bottom": 0,
      "height": "95%",
      "left": 0,
      "margin": "2.5%",
      "padding": "5px",
      "width": "95%",
    }
  }
  tabIndex={-1}
  type="button"
>
  <div
    className="MuiGrid-root MuiGrid-container MuiGrid-wrap-xs-nowrap css-mmuq0c-MuiGrid-root"
  >
    <div
      className="MuiGrid-root MuiGrid-item css-13i4rnv-MuiGrid-root"
    >
      <div
        style={
          Object {
            "textTransform": "capitalize",
          }
        }
      >
        <span
          className="MuiTypography-root MuiTypography-overline css-1c7xfgu-MuiTypography-root"
          style={Object {}}
        >
          1
        </span>
        <p
          className="MuiTypography-root MuiTypography-body1 css-rizt0-MuiTypography-root"
          style={Object {}}
        >
          parent
        </p>
      </div>
    </div>
    <div
      className="MuiGrid-root MuiGrid-item css-13i4rnv-MuiGrid-root"
    >
      <svg
        aria-hidden={true}
        className="MuiSvgIcon-root MuiSvgIcon-fontSizeMedium css-1umw9bq-MuiSvgIcon-root"
        data-testid="ChevronRightIcon"
        focusable="false"
        viewBox="0 0 24 24"
      >
        <path
          d="M10 6 8.59 7.41 13.17 12l-4.58 4.59L10 18l6-6z"
        />
      </svg>
    </div>
  </div>
</button>
`;
