// Jest Snapshot v1, https://goo.gl/fbAQLP

exports[`Statistics renders without crashing, UI does not change unexpectedly 1`] = `
Array [
  <div
    className="MuiGrid-root MuiGrid-container MuiGrid-spacing-xs-1 css-a5rdam-MuiGrid-root"
  >
    <div
      className="MuiGrid-root MuiGrid-item MuiGrid-grid-xs-2 css-1o7apob-MuiGrid-root"
    >
      <ul
        className="MuiList-root MuiList-padding makeStyles-root-1 css-h4y409-MuiList-root"
      >
        <div
          className="MuiButtonBase-root MuiListItem-root MuiListItem-gutters MuiListItem-padding MuiListItem-button Mui-selected css-1lfxslu-MuiButtonBase-root-MuiListItem-root"
          onBlur={[Function]}
          onClick={[Function]}
          onContextMenu={[Function]}
          onDragLeave={[Function]}
          onFocus={[Function]}
          onKeyDown={[Function]}
          onKeyUp={[Function]}
          onMouseDown={[Function]}
          onMouseLeave={[Function]}
          onMouseUp={[Function]}
          onTouchEnd={[Function]}
          onTouchMove={[Function]}
          onTouchStart={[Function]}
          role="button"
          tabIndex={0}
        >
          <div
            className="MuiListItemText-root css-tlelie-MuiListItemText-root"
          >
            <span
              className="MuiTypography-root MuiTypography-body1 MuiListItemText-primary css-w8l8fw-MuiTypography-root"
            >
              statistics.userView
            </span>
          </div>
          <span
            className="MuiTouchRipple-root css-8je8zh-MuiTouchRipple-root"
          />
        </div>
        <hr
          className="MuiDivider-root MuiDivider-fullWidth css-9mgopn-MuiDivider-root"
        />
        <div
          className="MuiButtonBase-root MuiListItem-root MuiListItem-gutters MuiListItem-padding MuiListItem-button css-1lfxslu-MuiButtonBase-root-MuiListItem-root"
          onBlur={[Function]}
          onClick={[Function]}
          onContextMenu={[Function]}
          onDragLeave={[Function]}
          onFocus={[Function]}
          onKeyDown={[Function]}
          onKeyUp={[Function]}
          onMouseDown={[Function]}
          onMouseLeave={[Function]}
          onMouseUp={[Function]}
          onTouchEnd={[Function]}
          onTouchMove={[Function]}
          onTouchStart={[Function]}
          role="button"
          tabIndex={0}
        >
          <div
            className="MuiListItemText-root css-tlelie-MuiListItemText-root"
          >
            <span
              className="MuiTypography-root MuiTypography-body1 MuiListItemText-primary css-w8l8fw-MuiTypography-root"
            >
              statistics.domainView
            </span>
          </div>
          <span
            className="MuiTouchRipple-root css-8je8zh-MuiTouchRipple-root"
          />
        </div>
      </ul>
    </div>
    <div
      className="MuiGrid-root MuiGrid-container MuiGrid-item MuiGrid-spacing-xs-2 MuiGrid-direction-xs-column MuiGrid-grid-xs-8 css-l4fqoi-MuiGrid-root"
    >
      <div
        className="MuiGrid-root MuiGrid-item css-13i4rnv-MuiGrid-root"
      >
        <h5
          className="MuiTypography-root MuiTypography-h5 MuiTypography-alignCenter css-1pb9bi6-MuiTypography-root"
        >
          statistics.dataStatistics
        </h5>
      </div>
      <div
        className="MuiGrid-root MuiGrid-item css-13i4rnv-MuiGrid-root"
      >
        <h5
          className="MuiTypography-root MuiTypography-h5 MuiTypography-alignCenter css-1pb9bi6-MuiTypography-root"
        >
          statistics.userView
        </h5>
      </div>
      <div
        className="MuiGrid-root MuiGrid-item css-13i4rnv-MuiGrid-root"
      >
        <ul
          className="MuiList-root MuiList-padding css-h4y409-MuiList-root"
        >
          <div
            className="MuiGrid-root MuiGrid-container css-1lym95h-MuiGrid-root"
          >
            <div
              className="MuiPaper-root MuiPaper-elevation MuiPaper-rounded MuiPaper-elevation1 MuiCard-root css-bhp9pd-MuiPaper-root-MuiCard-root"
              style={
                Object {
                  "width": 600,
                }
              }
            >
              <ul
                className="MuiList-root MuiList-padding css-h4y409-MuiList-root"
              >
                <div
                  className="MuiGrid-root MuiGrid-container MuiGrid-wrap-xs-nowrap css-1ymxtd0-MuiGrid-root"
                >
                  <div
                    className="MuiGrid-root MuiGrid-item MuiGrid-grid-xs-5 css-k3f0g4-MuiGrid-root"
                    style={
                      Object {
                        "borderBottomStyle": "dotted",
                        "borderBottomWidth": 1,
                        "position": "relative",
                      }
                    }
                  >
                    <h6
                      className="MuiTypography-root MuiTypography-subtitle1 css-1m0pdmy-MuiTypography-root"
                    >
                      statistics.userName
                    </h6>
                  </div>
                  <div
                    className="MuiGrid-root MuiGrid-item MuiGrid-grid-xs-5 css-k3f0g4-MuiGrid-root"
                    style={
                      Object {
                        "borderBottomStyle": "dotted",
                        "borderBottomWidth": 1,
                        "position": "relative",
                      }
                    }
                  >
                    <h6
                      className="MuiTypography-root MuiTypography-subtitle1 css-1m0pdmy-MuiTypography-root"
                    >
                      statistics.domainCount
                    </h6>
                  </div>
                  <div
                    className="MuiGrid-root MuiGrid-item MuiGrid-grid-xs-5 css-k3f0g4-MuiGrid-root"
                    style={
                      Object {
                        "borderBottomStyle": "dotted",
                        "borderBottomWidth": 1,
                        "position": "relative",
                      }
                    }
                  >
                    <h6
                      className="MuiTypography-root MuiTypography-subtitle1 css-1m0pdmy-MuiTypography-root"
                    >
                      statistics.senseCount
                    </h6>
                  </div>
                </div>
              </ul>
              <ul
                className="MuiList-root MuiList-padding css-h4y409-MuiList-root"
              />
            </div>
          </div>
        </ul>
      </div>
    </div>
  </div>,
  " ",
]
`;
