// Jest Snapshot v1, https://goo.gl/fbAQLP

exports[`UserStatistics renders without crashing, UI does not change unexpectedly 1`] = `
<div
  className="MuiGrid-root MuiGrid-container css-1lym95h-MuiGrid-root"
>
  <div
    className="MuiPaper-root MuiPaper-elevation MuiPaper-rounded MuiPaper-elevation1 MuiCard-root css-1j74uew-MuiPaper-root-MuiCard-root"
    style={
      Object {
        "--Paper-shadow": "0px 2px 1px -1px rgba(0,0,0,0.2),0px 1px 1px 0px rgba(0,0,0,0.14),0px 1px 3px 0px rgba(0,0,0,0.12)",
        "width": 600,
      }
    }
  >
    <ul
      className="MuiList-root MuiList-padding css-b7dj7n-MuiList-root"
    >
      <div
        className="MuiGrid-root MuiGrid-container MuiGrid-wrap-xs-nowrap css-1ymxtd0-MuiGrid-root"
      >
        <div
          className="MuiGrid-root MuiGrid-item MuiGrid-grid-xs-5 css-k3f0g4-MuiGrid-root"
          style={
            Object {
              "borderBottomStyle": "dotted",
              "borderBottomWidth": 1,
              "position": "relative",
            }
          }
        >
          <h6
            className="MuiTypography-root MuiTypography-subtitle1 css-1i3tsf3-MuiTypography-root"
            style={Object {}}
          >
            statistics.column.username
          </h6>
        </div>
        <div
          className="MuiGrid-root MuiGrid-item MuiGrid-grid-xs-5 css-k3f0g4-MuiGrid-root"
          style={
            Object {
              "borderBottomStyle": "dotted",
              "borderBottomWidth": 1,
              "position": "relative",
            }
          }
        >
          <h6
            className="MuiTypography-root MuiTypography-subtitle1 css-1i3tsf3-MuiTypography-root"
            style={Object {}}
          >
            statistics.column.domainCount
          </h6>
        </div>
        <div
          className="MuiGrid-root MuiGrid-item MuiGrid-grid-xs-5 css-k3f0g4-MuiGrid-root"
          style={
            Object {
              "borderBottomStyle": "dotted",
              "borderBottomWidth": 1,
              "position": "relative",
            }
          }
        >
          <h6
            className="MuiTypography-root MuiTypography-subtitle1 css-1i3tsf3-MuiTypography-root"
            style={Object {}}
          >
            statistics.column.senseCount
          </h6>
        </div>
      </div>
    </ul>
    <ul
      className="MuiList-root MuiList-padding css-b7dj7n-MuiList-root"
    >
      <li
        className="MuiListItem-root MuiListItem-gutters MuiListItem-padding css-cfd5wn-MuiListItem-root"
        style={
          Object {
            "minWidth": "600px",
          }
        }
      >
        <div
          className="MuiGrid-root MuiGrid-container MuiGrid-wrap-xs-nowrap css-1ymxtd0-MuiGrid-root"
        >
          <div
            className="MuiGrid-root MuiGrid-item MuiGrid-grid-xs-5 css-k3f0g4-MuiGrid-root"
            style={
              Object {
                "borderBottomStyle": "dotted",
                "borderBottomWidth": 1,
                "position": "relative",
              }
            }
          >
            <p
              className="MuiTypography-root MuiTypography-body1 css-rizt0-MuiTypography-root"
              style={Object {}}
            />
          </div>
          <div
            className="MuiGrid-root MuiGrid-item MuiGrid-grid-xs-5 css-k3f0g4-MuiGrid-root"
            style={
              Object {
                "borderBottomStyle": "dotted",
                "borderBottomWidth": 1,
                "position": "relative",
              }
            }
          >
            <p
              className="MuiTypography-root MuiTypography-body1 css-rizt0-MuiTypography-root"
              style={Object {}}
            />
          </div>
          <div
            className="MuiGrid-root MuiGrid-item MuiGrid-grid-xs-5 css-k3f0g4-MuiGrid-root"
            style={
              Object {
                "borderBottomStyle": "dotted",
                "borderBottomWidth": 1,
                "position": "relative",
              }
            }
          >
            <p
              className="MuiTypography-root MuiTypography-body1 css-rizt0-MuiTypography-root"
              style={Object {}}
            />
          </div>
        </div>
      </li>
    </ul>
  </div>
</div>
`;
