// Jest Snapshot v1, https://goo.gl/fbAQLP

exports[`Tests TreeViewHeader Renders correctly 1`] = `
<div
  className="MuiGrid-root MuiGrid-container"
>
  <div
    className="MuiGrid-root MuiGrid-item"
    style={
      Object {
        "minWidth": "5vw",
      }
    }
  >
    <button
      className="MuiButtonBase-root MuiButton-root MuiButton-outlined"
      disabled={false}
      onBlur={[Function]}
      onClick={[Function]}
      onFocus={[Function]}
      onKeyDown={[Function]}
      onKeyUp={[Function]}
      onMouseDown={[Function]}
      onMouseLeave={[Function]}
      onMouseUp={[Function]}
      onTouchEnd={[Function]}
      onTouchMove={[Function]}
      onTouchStart={[Function]}
      tabIndex={0}
      type="button"
    >
      <span
        className="MuiButton-label"
      >
        <h6
          className="MuiTypography-root MuiTypography-h6"
        >
          &lt;     1.0
        </h6>
      </span>
      <span
        className="MuiTouchRipple-root"
      />
    </button>
  </div>
  <div
    className="MuiGrid-root MuiGrid-item"
    style={
      Object {
        "minWidth": "10vw",
      }
    }
  >
    <div
      className="MuiFormControl-root MuiTextField-root MuiFormControl-marginNormal MuiFormControl-fullWidth"
      onKeyUp={[Function]}
    >
      <label
        className="MuiFormLabel-root MuiInputLabel-root MuiInputLabel-formControl MuiInputLabel-animated MuiInputLabel-shrink MuiFormLabel-filled"
        data-shrink={true}
        htmlFor="name"
      >
        Semantic Domain
      </label>
      <div
        className="MuiInputBase-root MuiInput-root MuiInput-underline MuiInputBase-fullWidth MuiInput-fullWidth MuiInputBase-formControl MuiInput-formControl"
        onClick={[Function]}
      >
        <input
          aria-invalid={false}
          className="MuiInputBase-input MuiInput-input"
          disabled={false}
          id="name"
          onBlur={[Function]}
          onChange={[Function]}
          onFocus={[Function]}
          required={false}
          type="text"
          value="1.1"
        />
      </div>
    </div>
  </div>
  <div
    className="MuiGrid-root MuiGrid-item"
    style={
      Object {
        "minWidth": "5vw",
      }
    }
  >
    <button
      className="MuiButtonBase-root MuiButton-root MuiButton-outlined"
      disabled={false}
      onBlur={[Function]}
      onClick={[Function]}
      onFocus={[Function]}
      onKeyDown={[Function]}
      onKeyUp={[Function]}
      onMouseDown={[Function]}
      onMouseLeave={[Function]}
      onMouseUp={[Function]}
      onTouchEnd={[Function]}
      onTouchMove={[Function]}
      onTouchStart={[Function]}
      tabIndex={0}
      type="button"
    >
      <span
        className="MuiButton-label"
      >
        <h6
          className="MuiTypography-root MuiTypography-h6"
        >
          1.2     &gt;
        </h6>
      </span>
      <span
        className="MuiTouchRipple-root"
      />
    </button>
  </div>
</div>
`;
